main.BoardMap{
  []int{
    -1,
    -1,
    -2,
    -2,
    -2,
    -1,
    -1,
    -1,
    -1,
    -5,
    -3,
  },
  []int{
    -1,
    -1,
    -4,
    -1,
    -2,
    -1,
    -1,
    -1,
    -4,
    -2,
    -2,
  },
  []int{
    -1,
    -1,
    -1,
    -1,
    -2,
    -1,
    -1,
    -1,
    -1,
    -1,
    -1,
  },
  []int{
    -1,
    -1,
    -1,
    -1,
    -2,
    -1,
    -1,
    -1,
    -1,
    -1,
    -1,
  },
  []int{
    -1,
    -1,
    -1,
    -1,
    -2,
    -1,
    -1,
    -1,
    -1,
    -1,
    -1,
  },
  []int{
    -1,
    -1,
    -5,
    -1,
    -2,
    -1,
    -1,
    -1,
    -1,
    -1,
    -1,
  },
  []int{
    -1,
    -5,
    -3,
    -2,
    -3,
    -1,
    -1,
    -1,
    -1,
    -1,
    -1,
  },
  []int{
    -1,
    -1,
    -5,
    -2,
    -1,
    -1,
    -1,
    -1,
    -1,
    -1,
    -1,
  },
  []int{
    -1,
    -1,
    -1,
    -2,
    -1,
    -1,
    -1,
    -1,
    -1,
    -1,
    -1,
  },
  []int{
    -1,
    -1,
    -1,
    -2,
    -1,
    -1,
    -1,
    -1,
    -1,
    -1,
    -1,
  },
  []int{
    -1,
    -1,
    -1,
    -4,
    -1,
    -1,
    -1,
    -1,
    -1,
    -1,
    -1,
  },
}
